[INFO] 08-12-2025 22:57:06 - Class: ServiceUser - Method : saveUserJson Description: Loading information from file jsonFile
[INFO] 08-12-2025 22:57:06 - Class: UserService - Method : saveUserJson Description: 10 records saved successfully, 0 recors failed.
[INFO] 08-12-2025 22:58:14 - Class: ServiceUser - Method : saveUserJson Description: Loading information from file jsonFile
[INFO] 08-12-2025 22:58:29 - Class: UserService - Method : findUserById Description: Find a user with id1
[INFO] 08-12-2025 22:58:33 - Class: UserService - Method : findUserById Description: Find a user with id111
[INFO] 08-12-2025 23:00:07 - Class: UserService - Method : findAll Description: Find all users
[INFO] 08-12-2025 23:01:24 - Class: UserService - Method : findUserById Description: Find a user with id10
[INFO] 08-12-2025 23:01:32 - Class: UserService - Method : findUserById Description: Find a user with id10
[INFO] 08-12-2025 23:01:40 - Class: UserService - Method : findUserById Description: Find a user with id11
[INFO] 08-12-2025 23:04:01 - Class: UserService - Method : findUserById Description: Find a user with id11
[INFO] 08-12-2025 23:04:02 - Class: UserService - Method : findUserById Description: Find a user with id11
[INFO] 08-12-2025 23:05:24 - Class: UserService - Method : findUserById Description: Find  user with id11
[INFO] 08-12-2025 23:05:31 - Class: UserService - Method : findUserById Description: Find  user with id15
[INFO] 08-12-2025 23:07:05 - Class: UserService - Method : delete Description: Delete user with id 12
[INFO] 08-12-2025 23:07:05 - Class: UserService - Method : delete Description: User with id 12 has been deleted
[INFO] 08-12-2025 23:09:09 - Class: UserService - Method : delete Description: Delete user with id 12
[INFO] 08-12-2025 23:09:09 - Class: UserService - Method : delete Description: User with id 12 has been deleted
[INFO] 08-12-2025 23:18:28 - Class: UserService - Method : delete Description: Delete user with id 12
[INFO] 08-12-2025 23:20:32 - Class: UserService - Method : delete Description: Delete user with id 12
[INFO] 08-12-2025 23:21:49 - Class: UserService - Method : delete Description: Delete user with id 12
[INFO] 08-12-2025 23:21:57 - Class: UserService - Method : delete Description: Delete user with id 12
[INFO] 08-12-2025 23:22:48 - Class: UserService - Method : delete Description: Delete user with id 12
[INFO] 08-12-2025 23:22:52 - Class: UserService - Method : delete Description: Delete user with id 16
[INFO] 08-12-2025 23:23:15 - Class: UserService - Method : delete Description: Delete user with id 16
[INFO] 08-12-2025 23:24:56 - Class: UserService - Method : delete Description: Delete user with id 16
[ERROR] 08-12-2025 23:24:56 - Class: UserService - Method: delete - Description: User with id 16doesn't exist  Exception - User not fount
[INFO] 08-12-2025 23:26:08 - Class: UserService - Method : findAll Description: Find all users
[INFO] 08-12-2025 23:26:54 - Class: UserService - Method : findUserById Description: Find user with id10
[INFO] 08-12-2025 23:26:59 - Class: UserService - Method : findUserById Description: Find user with id11
[INFO] 08-12-2025 23:29:11 - Class: UserService - Method : findUserById Description: Find user with id 11
[ERROR] 08-12-2025 23:29:11 - Class: UserService - Method: findUserById - Description: User with id 11 not found Exception - User not found (empty list)
[INFO] 08-12-2025 23:35:19 - Class: UserService - Method : findAll Description: Find all users
[INFO] 08-12-2025 23:35:31 - Class: UserService - Method : findUserById Description: Find user with id 1
[INFO] 08-12-2025 23:35:31 - Class: UserService - Method : findUserById Description: User found
[INFO] 08-12-2025 23:35:48 - Class: UserService - Method : findUserById Description: Find user with id 25
[ERROR] 08-12-2025 23:35:48 - Class: UserService - Method: findUserById - Description: User with id 25 not found Exception - User not found (empty list)
[INFO] 08-12-2025 23:37:10 - Class: UserService - Method : saveUserImage Description: Adding image horari.png to user with id 1
[INFO] 08-12-2025 23:37:10 - Class: UserService - Method : saveUserImage Description: The image has been successfully saved. The path is: /images/User_1.png
[INFO] 08-12-2025 23:37:53 - Class: UserService - Method : saveUserCsv Description: Load information from this CSV file csvFile
[ERROR] 08-12-2025 23:37:53 - Class: UserService - Method: saveUserCsv - Description: Error on line Ana,Usuario,ana@example.com,abcd Exception - PreparedStatementCallback; SQL [INSERT INTO usuaris (name, description, email, password, ultimAcces, dataCreated, dataUpdated) VALUES (?, ?, ?, ?, ?, NOW(), NOW())]; Duplicate entry 'ana@example.com' for key 'usuaris.email'
[INFO] 08-12-2025 23:37:53 - Class: UserService - Method : saveUserCsv Description: 3 records saved successfully, 1 records failed.
[INFO] 08-12-2025 23:39:17 - Class: UserService - Method : saveUserJson Description: Loading information from file jsonFile
[ERROR] 08-12-2025 23:39:17 - Class: UserService - Method: saveUserJson - Description: Error saving user Exception - PreparedStatementCallback; SQL [INSERT INTO usuaris (name, description, email, password, ultimAcces, dataCreated, dataUpdated) VALUES (?, ?, ?, ?, ?, NOW(), NOW())]; Duplicate entry 'carlos@example.com' for key 'usuaris.email'
[ERROR] 08-12-2025 23:39:17 - Class: UserService - Method: saveUserJson - Description: Error saving user Exception - PreparedStatementCallback; SQL [INSERT INTO usuaris (name, description, email, password, ultimAcces, dataCreated, dataUpdated) VALUES (?, ?, ?, ?, ?, NOW(), NOW())]; Duplicate entry 'maria@example.com' for key 'usuaris.email'
[ERROR] 08-12-2025 23:39:17 - Class: UserService - Method: saveUserJson - Description: Error saving user Exception - PreparedStatementCallback; SQL [INSERT INTO usuaris (name, description, email, password, ultimAcces, dataCreated, dataUpdated) VALUES (?, ?, ?, ?, ?, NOW(), NOW())]; Duplicate entry 'pedro@example.com' for key 'usuaris.email'
[ERROR] 08-12-2025 23:39:17 - Class: UserService - Method: saveUserJson - Description: Error saving user Exception - PreparedStatementCallback; SQL [INSERT INTO usuaris (name, description, email, password, ultimAcces, dataCreated, dataUpdated) VALUES (?, ?, ?, ?, ?, NOW(), NOW())]; Duplicate entry 'lucia@example.com' for key 'usuaris.email'
[ERROR] 08-12-2025 23:39:17 - Class: UserService - Method: saveUserJson - Description: Error saving user Exception - PreparedStatementCallback; SQL [INSERT INTO usuaris (name, description, email, password, ultimAcces, dataCreated, dataUpdated) VALUES (?, ?, ?, ?, ?, NOW(), NOW())]; Duplicate entry 'javier@example.com' for key 'usuaris.email'
[ERROR] 08-12-2025 23:39:17 - Class: UserService - Method: saveUserJson - Description: Error saving user Exception - PreparedStatementCallback; SQL [INSERT INTO usuaris (name, description, email, password, ultimAcces, dataCreated, dataUpdated) VALUES (?, ?, ?, ?, ?, NOW(), NOW())]; Duplicate entry 'sofia@example.com' for key 'usuaris.email'
[ERROR] 08-12-2025 23:39:17 - Class: UserService - Method: saveUserJson - Description: Error saving user Exception - PreparedStatementCallback; SQL [INSERT INTO usuaris (name, description, email, password, ultimAcces, dataCreated, dataUpdated) VALUES (?, ?, ?, ?, ?, NOW(), NOW())]; Duplicate entry 'miguel@example.com' for key 'usuaris.email'
[ERROR] 08-12-2025 23:39:17 - Class: UserService - Method: saveUserJson - Description: Error saving user Exception - PreparedStatementCallback; SQL [INSERT INTO usuaris (name, description, email, password, ultimAcces, dataCreated, dataUpdated) VALUES (?, ?, ?, ?, ?, NOW(), NOW())]; Duplicate entry 'ana@example.com' for key 'usuaris.email'
[ERROR] 08-12-2025 23:39:17 - Class: UserService - Method: saveUserJson - Description: Error saving user Exception - PreparedStatementCallback; SQL [INSERT INTO usuaris (name, description, email, password, ultimAcces, dataCreated, dataUpdated) VALUES (?, ?, ?, ?, ?, NOW(), NOW())]; Duplicate entry 'diego@example.com' for key 'usuaris.email'
[ERROR] 08-12-2025 23:39:17 - Class: UserService - Method: saveUserJson - Description: Error saving user Exception - PreparedStatementCallback; SQL [INSERT INTO usuaris (name, description, email, password, ultimAcces, dataCreated, dataUpdated) VALUES (?, ?, ?, ?, ?, NOW(), NOW())]; Duplicate entry 'valeria@example.com' for key 'usuaris.email'
[INFO] 08-12-2025 23:39:17 - Class: UserService - Method : saveUserJson Description: 0 records saved successfully, 10 records failed.
[INFO] 08-12-2025 23:39:28 - Class: UserService - Method : saveUserJson Description: Loading information from file jsonFile
[ERROR] 08-12-2025 23:39:28 - Class: UserService - Method: saveUserJson - Description: Error saving user Exception - PreparedStatementCallback; SQL [INSERT INTO usuaris (name, description, email, password, ultimAcces, dataCreated, dataUpdated) VALUES (?, ?, ?, ?, ?, NOW(), NOW())]; Duplicate entry 'carlos@example.com' for key 'usuaris.email'
[ERROR] 08-12-2025 23:39:28 - Class: UserService - Method: saveUserJson - Description: Error saving user Exception - PreparedStatementCallback; SQL [INSERT INTO usuaris (name, description, email, password, ultimAcces, dataCreated, dataUpdated) VALUES (?, ?, ?, ?, ?, NOW(), NOW())]; Duplicate entry 'maria@example.com' for key 'usuaris.email'
[ERROR] 08-12-2025 23:39:28 - Class: UserService - Method: saveUserJson - Description: Error saving user Exception - PreparedStatementCallback; SQL [INSERT INTO usuaris (name, description, email, password, ultimAcces, dataCreated, dataUpdated) VALUES (?, ?, ?, ?, ?, NOW(), NOW())]; Duplicate entry 'pedro@example.com' for key 'usuaris.email'
[ERROR] 08-12-2025 23:39:28 - Class: UserService - Method: saveUserJson - Description: Error saving user Exception - PreparedStatementCallback; SQL [INSERT INTO usuaris (name, description, email, password, ultimAcces, dataCreated, dataUpdated) VALUES (?, ?, ?, ?, ?, NOW(), NOW())]; Duplicate entry 'lucia@example.com' for key 'usuaris.email'
[ERROR] 08-12-2025 23:39:28 - Class: UserService - Method: saveUserJson - Description: Error saving user Exception - PreparedStatementCallback; SQL [INSERT INTO usuaris (name, description, email, password, ultimAcces, dataCreated, dataUpdated) VALUES (?, ?, ?, ?, ?, NOW(), NOW())]; Duplicate entry 'javier@example.com' for key 'usuaris.email'
[ERROR] 08-12-2025 23:39:28 - Class: UserService - Method: saveUserJson - Description: Error saving user Exception - PreparedStatementCallback; SQL [INSERT INTO usuaris (name, description, email, password, ultimAcces, dataCreated, dataUpdated) VALUES (?, ?, ?, ?, ?, NOW(), NOW())]; Duplicate entry 'sofia@example.com' for key 'usuaris.email'
[ERROR] 08-12-2025 23:39:28 - Class: UserService - Method: saveUserJson - Description: Error saving user Exception - PreparedStatementCallback; SQL [INSERT INTO usuaris (name, description, email, password, ultimAcces, dataCreated, dataUpdated) VALUES (?, ?, ?, ?, ?, NOW(), NOW())]; Duplicate entry 'miguel@example.com' for key 'usuaris.email'
[ERROR] 08-12-2025 23:39:28 - Class: UserService - Method: saveUserJson - Description: Error saving user Exception - PreparedStatementCallback; SQL [INSERT INTO usuaris (name, description, email, password, ultimAcces, dataCreated, dataUpdated) VALUES (?, ?, ?, ?, ?, NOW(), NOW())]; Duplicate entry 'ana@example.com' for key 'usuaris.email'
[ERROR] 08-12-2025 23:39:28 - Class: UserService - Method: saveUserJson - Description: Error saving user Exception - PreparedStatementCallback; SQL [INSERT INTO usuaris (name, description, email, password, ultimAcces, dataCreated, dataUpdated) VALUES (?, ?, ?, ?, ?, NOW(), NOW())]; Duplicate entry 'diego@example.com' for key 'usuaris.email'
[ERROR] 08-12-2025 23:39:28 - Class: UserService - Method: saveUserJson - Description: Error saving user Exception - PreparedStatementCallback; SQL [INSERT INTO usuaris (name, description, email, password, ultimAcces, dataCreated, dataUpdated) VALUES (?, ?, ?, ?, ?, NOW(), NOW())]; Duplicate entry 'valeria@example.com' for key 'usuaris.email'
[INFO] 08-12-2025 23:39:28 - Class: UserService - Method : saveUserJson Description: 0 records saved successfully, 10 records failed.
[INFO] 08-12-2025 23:39:35 - Class: UserService - Method : saveUserJson Description: Loading information from file jsonFile
[ERROR] 08-12-2025 23:39:35 - Class: UserService - Method: saveUserJson - Description: Error saving user Exception - PreparedStatementCallback; SQL [INSERT INTO usuaris (name, description, email, password, ultimAcces, dataCreated, dataUpdated) VALUES (?, ?, ?, ?, ?, NOW(), NOW())]; Duplicate entry 'carlos@example.com' for key 'usuaris.email'
[ERROR] 08-12-2025 23:39:35 - Class: UserService - Method: saveUserJson - Description: Error saving user Exception - PreparedStatementCallback; SQL [INSERT INTO usuaris (name, description, email, password, ultimAcces, dataCreated, dataUpdated) VALUES (?, ?, ?, ?, ?, NOW(), NOW())]; Duplicate entry 'maria@example.com' for key 'usuaris.email'
[ERROR] 08-12-2025 23:39:35 - Class: UserService - Method: saveUserJson - Description: Error saving user Exception - PreparedStatementCallback; SQL [INSERT INTO usuaris (name, description, email, password, ultimAcces, dataCreated, dataUpdated) VALUES (?, ?, ?, ?, ?, NOW(), NOW())]; Duplicate entry 'pedro@example.com' for key 'usuaris.email'
[ERROR] 08-12-2025 23:39:35 - Class: UserService - Method: saveUserJson - Description: Error saving user Exception - PreparedStatementCallback; SQL [INSERT INTO usuaris (name, description, email, password, ultimAcces, dataCreated, dataUpdated) VALUES (?, ?, ?, ?, ?, NOW(), NOW())]; Duplicate entry 'lucia@example.com' for key 'usuaris.email'
[ERROR] 08-12-2025 23:39:35 - Class: UserService - Method: saveUserJson - Description: Error saving user Exception - PreparedStatementCallback; SQL [INSERT INTO usuaris (name, description, email, password, ultimAcces, dataCreated, dataUpdated) VALUES (?, ?, ?, ?, ?, NOW(), NOW())]; Duplicate entry 'javier@example.com' for key 'usuaris.email'
[ERROR] 08-12-2025 23:39:35 - Class: UserService - Method: saveUserJson - Description: Error saving user Exception - PreparedStatementCallback; SQL [INSERT INTO usuaris (name, description, email, password, ultimAcces, dataCreated, dataUpdated) VALUES (?, ?, ?, ?, ?, NOW(), NOW())]; Duplicate entry 'sofia@example.com' for key 'usuaris.email'
[ERROR] 08-12-2025 23:39:35 - Class: UserService - Method: saveUserJson - Description: Error saving user Exception - PreparedStatementCallback; SQL [INSERT INTO usuaris (name, description, email, password, ultimAcces, dataCreated, dataUpdated) VALUES (?, ?, ?, ?, ?, NOW(), NOW())]; Duplicate entry 'miguel@example.com' for key 'usuaris.email'
[ERROR] 08-12-2025 23:39:35 - Class: UserService - Method: saveUserJson - Description: Error saving user Exception - PreparedStatementCallback; SQL [INSERT INTO usuaris (name, description, email, password, ultimAcces, dataCreated, dataUpdated) VALUES (?, ?, ?, ?, ?, NOW(), NOW())]; Duplicate entry 'ana@example.com' for key 'usuaris.email'
[ERROR] 08-12-2025 23:39:35 - Class: UserService - Method: saveUserJson - Description: Error saving user Exception - PreparedStatementCallback; SQL [INSERT INTO usuaris (name, description, email, password, ultimAcces, dataCreated, dataUpdated) VALUES (?, ?, ?, ?, ?, NOW(), NOW())]; Duplicate entry 'diego@example.com' for key 'usuaris.email'
[ERROR] 08-12-2025 23:39:35 - Class: UserService - Method: saveUserJson - Description: Error saving user Exception - PreparedStatementCallback; SQL [INSERT INTO usuaris (name, description, email, password, ultimAcces, dataCreated, dataUpdated) VALUES (?, ?, ?, ?, ?, NOW(), NOW())]; Duplicate entry 'valeria@example.com' for key 'usuaris.email'
[INFO] 08-12-2025 23:39:35 - Class: UserService - Method : saveUserJson Description: 0 records saved successfully, 10 records failed.
[INFO] 08-12-2025 23:39:57 - Class: UserService - Method : saveUserJson Description: Loading information from file jsonFile
[ERROR] 08-12-2025 23:39:57 - Class: UserService - Method: saveUserJson - Description: Error saving user Exception - PreparedStatementCallback; SQL [INSERT INTO usuaris (name, description, email, password, ultimAcces, dataCreated, dataUpdated) VALUES (?, ?, ?, ?, ?, NOW(), NOW())]; Duplicate entry 'carlos@example.com' for key 'usuaris.email'
[ERROR] 08-12-2025 23:39:57 - Class: UserService - Method: saveUserJson - Description: Error saving user Exception - PreparedStatementCallback; SQL [INSERT INTO usuaris (name, description, email, password, ultimAcces, dataCreated, dataUpdated) VALUES (?, ?, ?, ?, ?, NOW(), NOW())]; Duplicate entry 'maria@example.com' for key 'usuaris.email'
[ERROR] 08-12-2025 23:39:57 - Class: UserService - Method: saveUserJson - Description: Error saving user Exception - PreparedStatementCallback; SQL [INSERT INTO usuaris (name, description, email, password, ultimAcces, dataCreated, dataUpdated) VALUES (?, ?, ?, ?, ?, NOW(), NOW())]; Duplicate entry 'pedro@example.com' for key 'usuaris.email'
[INFO] 08-12-2025 23:39:57 - Class: UserService - Method : saveUserJson Description: 0 records saved successfully, 3 records failed.
[INFO] 08-12-2025 23:40:46 - Class: UserService - Method : saveUserCsv Description: Load information from this CSV file csvFile
[ERROR] 08-12-2025 23:40:46 - Class: UserService - Method: saveUserCsv - Description: Error on line Juan,Administrador,juan@example.com,1234 Exception - PreparedStatementCallback; SQL [INSERT INTO usuaris (name, description, email, password, ultimAcces, dataCreated, dataUpdated) VALUES (?, ?, ?, ?, ?, NOW(), NOW())]; Duplicate entry 'juan@example.com' for key 'usuaris.email'
[ERROR] 08-12-2025 23:40:46 - Class: UserService - Method: saveUserCsv - Description: Error on line Ana,Usuario,ana@example.com,abcd Exception - PreparedStatementCallback; SQL [INSERT INTO usuaris (name, description, email, password, ultimAcces, dataCreated, dataUpdated) VALUES (?, ?, ?, ?, ?, NOW(), NOW())]; Duplicate entry 'ana@example.com' for key 'usuaris.email'
[ERROR] 08-12-2025 23:40:46 - Class: UserService - Method: saveUserCsv - Description: Error on line Luis,Invitado,luis@example.com,pass Exception - PreparedStatementCallback; SQL [INSERT INTO usuaris (name, description, email, password, ultimAcces, dataCreated, dataUpdated) VALUES (?, ?, ?, ?, ?, NOW(), NOW())]; Duplicate entry 'luis@example.com' for key 'usuaris.email'
[ERROR] 08-12-2025 23:40:46 - Class: UserService - Method: saveUserCsv - Description: Error on line omar,invitado,omar@emeple,com,om12 Exception - PreparedStatementCallback; SQL [INSERT INTO usuaris (name, description, email, password, ultimAcces, dataCreated, dataUpdated) VALUES (?, ?, ?, ?, ?, NOW(), NOW())]; Duplicate entry 'omar@emeple' for key 'usuaris.email'
[INFO] 08-12-2025 23:40:46 - Class: UserService - Method : saveUserCsv Description: 0 records saved successfully, 4 records failed.
[INFO] 08-12-2025 23:40:49 - Class: UserService - Method : saveUserCsv Description: Load information from this CSV file csvFile
[ERROR] 08-12-2025 23:40:49 - Class: UserService - Method: saveUserCsv - Description: Error on line Juan,Administrador,juan@example.com,1234 Exception - PreparedStatementCallback; SQL [INSERT INTO usuaris (name, description, email, password, ultimAcces, dataCreated, dataUpdated) VALUES (?, ?, ?, ?, ?, NOW(), NOW())]; Duplicate entry 'juan@example.com' for key 'usuaris.email'
[ERROR] 08-12-2025 23:40:49 - Class: UserService - Method: saveUserCsv - Description: Error on line Ana,Usuario,ana@example.com,abcd Exception - PreparedStatementCallback; SQL [INSERT INTO usuaris (name, description, email, password, ultimAcces, dataCreated, dataUpdated) VALUES (?, ?, ?, ?, ?, NOW(), NOW())]; Duplicate entry 'ana@example.com' for key 'usuaris.email'
[ERROR] 08-12-2025 23:40:49 - Class: UserService - Method: saveUserCsv - Description: Error on line Luis,Invitado,luis@example.com,pass Exception - PreparedStatementCallback; SQL [INSERT INTO usuaris (name, description, email, password, ultimAcces, dataCreated, dataUpdated) VALUES (?, ?, ?, ?, ?, NOW(), NOW())]; Duplicate entry 'luis@example.com' for key 'usuaris.email'
[ERROR] 08-12-2025 23:40:49 - Class: UserService - Method: saveUserCsv - Description: Error on line omar,invitado,omar@emeple,com,om12 Exception - PreparedStatementCallback; SQL [INSERT INTO usuaris (name, description, email, password, ultimAcces, dataCreated, dataUpdated) VALUES (?, ?, ?, ?, ?, NOW(), NOW())]; Duplicate entry 'omar@emeple' for key 'usuaris.email'
[INFO] 08-12-2025 23:40:49 - Class: UserService - Method : saveUserCsv Description: 0 records saved successfully, 4 records failed.
[INFO] 08-12-2025 23:45:24 - Class: UserService - Method : findAll Description: Find all users
[INFO] 08-12-2025 23:45:36 - Class: UserService - Method : findUserById Description: Find user with id 12
[INFO] 08-12-2025 23:45:36 - Class: UserService - Method : findUserById Description: User found
[INFO] 08-12-2025 23:45:40 - Class: UserService - Method : findUserById Description: Find user with id 122
[ERROR] 08-12-2025 23:45:40 - Class: UserService - Method: findUserById - Description: User with id 122 not found Exception - User not found (empty list)
[INFO] 08-12-2025 23:46:02 - Class: UserService - Method : saveUserJson Description: Loading information from file jsonFile
[ERROR] 08-12-2025 23:46:02 - Class: UserService - Method: saveUserJson - Description: Error saving user Exception - PreparedStatementCallback; SQL [INSERT INTO usuaris (name, description, email, password, ultimAcces, dataCreated, dataUpdated) VALUES (?, ?, ?, ?, ?, NOW(), NOW())]; Duplicate entry 'carlos@example.com' for key 'usuaris.email'
[ERROR] 08-12-2025 23:46:02 - Class: UserService - Method: saveUserJson - Description: Error saving user Exception - PreparedStatementCallback; SQL [INSERT INTO usuaris (name, description, email, password, ultimAcces, dataCreated, dataUpdated) VALUES (?, ?, ?, ?, ?, NOW(), NOW())]; Duplicate entry 'maria@example.com' for key 'usuaris.email'
[ERROR] 08-12-2025 23:46:02 - Class: UserService - Method: saveUserJson - Description: Error saving user Exception - PreparedStatementCallback; SQL [INSERT INTO usuaris (name, description, email, password, ultimAcces, dataCreated, dataUpdated) VALUES (?, ?, ?, ?, ?, NOW(), NOW())]; Duplicate entry 'pedro@example.com' for key 'usuaris.email'
[INFO] 08-12-2025 23:46:02 - Class: UserService - Method : saveUserJson Description: 0 records saved successfully, 3 records failed.
[INFO] 08-12-2025 23:46:05 - Class: UserService - Method : saveUserJson Description: Loading information from file jsonFile
[ERROR] 08-12-2025 23:46:05 - Class: UserService - Method: saveUserJson - Description: Error saving user Exception - PreparedStatementCallback; SQL [INSERT INTO usuaris (name, description, email, password, ultimAcces, dataCreated, dataUpdated) VALUES (?, ?, ?, ?, ?, NOW(), NOW())]; Duplicate entry 'carlos@example.com' for key 'usuaris.email'
[ERROR] 08-12-2025 23:46:05 - Class: UserService - Method: saveUserJson - Description: Error saving user Exception - PreparedStatementCallback; SQL [INSERT INTO usuaris (name, description, email, password, ultimAcces, dataCreated, dataUpdated) VALUES (?, ?, ?, ?, ?, NOW(), NOW())]; Duplicate entry 'maria@example.com' for key 'usuaris.email'
[ERROR] 08-12-2025 23:46:05 - Class: UserService - Method: saveUserJson - Description: Error saving user Exception - PreparedStatementCallback; SQL [INSERT INTO usuaris (name, description, email, password, ultimAcces, dataCreated, dataUpdated) VALUES (?, ?, ?, ?, ?, NOW(), NOW())]; Duplicate entry 'pedro@example.com' for key 'usuaris.email'
[INFO] 08-12-2025 23:46:05 - Class: UserService - Method : saveUserJson Description: 0 records saved successfully, 3 records failed.
[INFO] 08-12-2025 23:46:14 - Class: UserService - Method : saveUserCsv Description: Load information from this CSV file csvFile
[ERROR] 08-12-2025 23:46:14 - Class: UserService - Method: saveUserCsv - Description: Error on line Juan,Administrador,juan@example.com,1234 Exception - PreparedStatementCallback; SQL [INSERT INTO usuaris (name, description, email, password, ultimAcces, dataCreated, dataUpdated) VALUES (?, ?, ?, ?, ?, NOW(), NOW())]; Duplicate entry 'juan@example.com' for key 'usuaris.email'
[ERROR] 08-12-2025 23:46:14 - Class: UserService - Method: saveUserCsv - Description: Error on line Ana,Usuario,ana@example.com,abcd Exception - PreparedStatementCallback; SQL [INSERT INTO usuaris (name, description, email, password, ultimAcces, dataCreated, dataUpdated) VALUES (?, ?, ?, ?, ?, NOW(), NOW())]; Duplicate entry 'ana@example.com' for key 'usuaris.email'
[ERROR] 08-12-2025 23:46:14 - Class: UserService - Method: saveUserCsv - Description: Error on line Luis,Invitado,luis@example.com,pass Exception - PreparedStatementCallback; SQL [INSERT INTO usuaris (name, description, email, password, ultimAcces, dataCreated, dataUpdated) VALUES (?, ?, ?, ?, ?, NOW(), NOW())]; Duplicate entry 'luis@example.com' for key 'usuaris.email'
[ERROR] 08-12-2025 23:46:14 - Class: UserService - Method: saveUserCsv - Description: Error on line omar,invitado,omar@emeple,com,om12 Exception - PreparedStatementCallback; SQL [INSERT INTO usuaris (name, description, email, password, ultimAcces, dataCreated, dataUpdated) VALUES (?, ?, ?, ?, ?, NOW(), NOW())]; Duplicate entry 'omar@emeple' for key 'usuaris.email'
[INFO] 08-12-2025 23:46:14 - Class: UserService - Method : saveUserCsv Description: 0 records saved successfully, 4 records failed.
[INFO] 08-12-2025 23:46:18 - Class: UserService - Method : saveUserCsv Description: Load information from this CSV file csvFile
[ERROR] 08-12-2025 23:46:18 - Class: UserService - Method: saveUserCsv - Description: Error on line Juan,Administrador,juan@example.com,1234 Exception - PreparedStatementCallback; SQL [INSERT INTO usuaris (name, description, email, password, ultimAcces, dataCreated, dataUpdated) VALUES (?, ?, ?, ?, ?, NOW(), NOW())]; Duplicate entry 'juan@example.com' for key 'usuaris.email'
[ERROR] 08-12-2025 23:46:18 - Class: UserService - Method: saveUserCsv - Description: Error on line Ana,Usuario,ana@example.com,abcd Exception - PreparedStatementCallback; SQL [INSERT INTO usuaris (name, description, email, password, ultimAcces, dataCreated, dataUpdated) VALUES (?, ?, ?, ?, ?, NOW(), NOW())]; Duplicate entry 'ana@example.com' for key 'usuaris.email'
[ERROR] 08-12-2025 23:46:18 - Class: UserService - Method: saveUserCsv - Description: Error on line Luis,Invitado,luis@example.com,pass Exception - PreparedStatementCallback; SQL [INSERT INTO usuaris (name, description, email, password, ultimAcces, dataCreated, dataUpdated) VALUES (?, ?, ?, ?, ?, NOW(), NOW())]; Duplicate entry 'luis@example.com' for key 'usuaris.email'
[ERROR] 08-12-2025 23:46:18 - Class: UserService - Method: saveUserCsv - Description: Error on line omar,invitado,omar@emeple,com,om12 Exception - PreparedStatementCallback; SQL [INSERT INTO usuaris (name, description, email, password, ultimAcces, dataCreated, dataUpdated) VALUES (?, ?, ?, ?, ?, NOW(), NOW())]; Duplicate entry 'omar@emeple' for key 'usuaris.email'
[INFO] 08-12-2025 23:46:18 - Class: UserService - Method : saveUserCsv Description: 0 records saved successfully, 4 records failed.
[INFO] 08-12-2025 23:46:29 - Class: UserService - Method : saveUserImage Description: Adding image horari.png to user with id 1
[INFO] 08-12-2025 23:46:29 - Class: UserService - Method : saveUserImage Description: The image has been successfully saved. The path is: /images/User_1.png
[INFO] 08-12-2025 23:46:32 - Class: UserService - Method : saveUserImage Description: Adding image horari.png to user with id 1
[INFO] 08-12-2025 23:46:32 - Class: UserService - Method : saveUserImage Description: The image has been successfully saved. The path is: /images/User_1.png
[INFO] 08-12-2025 23:46:43 - Class: UserService - Method : delete Description: Delete user with id 1
[INFO] 08-12-2025 23:46:43 - Class: UserService - Method : delete Description: User with id 1 has been deleted
[INFO] 08-12-2025 23:46:51 - Class: UserService - Method : delete Description: Delete user with id 136
[ERROR] 08-12-2025 23:46:51 - Class: UserService - Method: delete - Description: User with id 136 doesn't exist  Exception - User not fount
[INFO] 08-12-2025 23:48:59 - Class: UserService - Method : addUser Description: Creating a user
[INFO] 08-12-2025 23:48:59 - Class: UserService - Method : addUser Description: User created correctly
[INFO] 08-12-2025 23:49:23 - Class: UserService - Method : update Description: Updating user with id 1
[ERROR] 08-12-2025 23:49:23 - Class: UserService - Method: update - Description: User with id 1 doesn't exist Exception - User not found
[INFO] 08-12-2025 23:49:35 - Class: UserService - Method : update Description: Updating user with id 10
[INFO] 08-12-2025 23:49:35 - Class: UserService - Method : update Description: User with id 10 has been updated
[INFO] 08-12-2025 23:49:45 - Class: UserService - Method : delete Description: Delete user with id 10
[INFO] 08-12-2025 23:49:45 - Class: UserService - Method : delete Description: User with id 10 has been deleted
[INFO] 08-12-2025 23:49:50 - Class: UserService - Method : delete Description: Delete user with id 1123
[ERROR] 08-12-2025 23:49:50 - Class: UserService - Method: delete - Description: User with id 1123 doesn't exist  Exception - User not fount
